###############################################################################
#
# IAR ELF Linker V7.80.1.11864/W32 for ARM                08/Nov/2016  05:43:33
# Copyright 2007-2016 IAR Systems AB.
#
#    Output file  =  
#        C:\Users\Laptop\Documents\Datorsystemteknik\lab1\Debug\Exe\test.out
#    Map file     =  
#        C:\Users\Laptop\Documents\Datorsystemteknik\lab1\Debug\List\test.map
#    Command line =  
#        C:\Users\Laptop\Documents\Datorsystemteknik\lab1\Debug\Obj\cstartup.o
#        C:\Users\Laptop\Documents\Datorsystemteknik\lab1\Debug\Obj\exceptions.o
#        C:\Users\Laptop\Documents\Datorsystemteknik\lab1\Debug\Obj\main.o
#        C:\Users\Laptop\Documents\Datorsystemteknik\lab1\Debug\Obj\startup_sam3x.o
#        C:\Users\Laptop\Documents\Datorsystemteknik\lab1\Debug\Obj\system_sam3x.o
#        -o C:\Users\Laptop\Documents\Datorsystemteknik\lab1\Debug\Exe\test.out
#        --redirect _Printf=_PrintfFull --redirect _Scanf=_ScanfFull --map
#        C:\Users\Laptop\Documents\Datorsystemteknik\lab1\Debug\List\test.map
#        --config "C:\Program Files (x86)\IAR Systems\Embedded Workbench
#        7.5\arm\config\linker\Atmel\SAM3X\SAM3X-EK\sam3x8-sram.icf"
#        --semihosting --entry __iar_program_start --vfe
#
###############################################################################

*******************************************************************************
*** RUNTIME MODEL ATTRIBUTES
***

CppFlavor       = *
__SystemLibrary = DLib


*******************************************************************************
*** PLACEMENT SUMMARY
***

"A0":  place at 0x20070000 { ro section .intvec };
"P1":  place in [from 0x20070000 to 0x20087ffe] { ro };
"P2":  place in [from 0x20070000 to 0x20087ffe] { rw, block CSTACK, block HEAP };
initialize by copy with packing = copy, complex ranges { rw };

  Section            Kind        Address   Size  Object
  -------            ----        -------   ----  ------
"A0":                                      0xf4
  .intvec                     0x20070000   0xf4  <Block>
    .intvec          const    0x20070000   0xf4  startup_sam3x.o [1]
                            - 0x200700f4   0xf4

"P1-P2", part 1 of 3:                     0x1a8
  .text              ro code  0x200700f4   0xb8  system_sam3x.o [1]
  .text              ro code  0x200701ac   0x34  startup_sam3x.o [1]
  .text              ro code  0x200701e0    0xc  cstartup.o [1]
  .text              ro code  0x200701ec   0x1a  cmain.o [4]
  .text              ro code  0x20070206    0x2  exceptions.o [1]
  .text              ro code  0x20070208   0x28  data_init.o [4]
  .text              ro code  0x20070230    0x8  main.o [1]
  .text              ro code  0x20070238    0x4  exit.o [3]
  .text              ro code  0x2007023c    0xa  cexit.o [4]
  .text              ro code  0x20070248   0x14  exit.o [5]
  .text              ro code  0x2007025c   0x2c  copy_init3.o [4]
  .iar.init_table    const    0x20070288   0x14  - Linker created -
  .rodata            const    0x2007029c    0x0  copy_init3.o [4]
                            - 0x2007029c  0x1a8

"P1-P2", part 2 of 3:                     0x800
  CSTACK                      0x200702a0  0x800  <Block>
    CSTACK           uninit   0x200702a0  0x800  <Block tail>
                            - 0x20070aa0  0x800

"P1-P2", part 3 of 3:                       0x8
  P1-P2 s0                    0x20070aa0    0x4  <Init block>
    .data            inited   0x20070aa0    0x4  system_sam3x.o [1]
  Initializer bytes  const    0x20070aa4    0x4  <for P1-P2 s0>
                            - 0x20070aa8    0x8


*******************************************************************************
*** INIT TABLE
***

          Address     Size
          -------     ----
Copy (__iar_copy_init3)
    1 source range, total size 0x4:
          0x20070aa4   0x4
    1 destination range, total size 0x4:
          0x20070aa0   0x4



*******************************************************************************
*** MODULE SUMMARY
***

    Module           ro code  ro data  rw data
    ------           -------  -------  -------
C:\Users\Laptop\Documents\Datorsystemteknik\lab1\Debug\Obj: [1]
    cstartup.o            12
    exceptions.o           2
    main.o                 8
    startup_sam3x.o       52      244
    system_sam3x.o       184        4        4
    ------------------------------------------
    Total:               258      248        4

command line: [2]
    ------------------------------------------
    Total:

dl7M_tln.a: [3]
    exit.o                 4
    ------------------------------------------
    Total:                 4

rt7M_tl.a: [4]
    cexit.o               10
    cmain.o               26
    copy_init3.o          44
    data_init.o           40
    ------------------------------------------
    Total:               120

shb_l.a: [5]
    exit.o                20
    ------------------------------------------
    Total:                20

    Gaps                   2
    Linker created                 20    2 048
----------------------------------------------
    Grand Total:         404      268    2 052


*******************************************************************************
*** ENTRY LIST
***

Entry                      Address  Size  Type      Object
-----                      -------  ----  ----      ------
.iar.init_table$$Base   0x20070288         --   Gb  - Linker created -
.iar.init_table$$Limit  0x2007029c         --   Gb  - Linker created -
.intvec$$Base           0x20070000         --   Gb  - Linker created -
.intvec$$Limit          0x200700f4         --   Gb  - Linker created -
?main                   0x200701ed        Code  Gb  cmain.o [4]
ADC_Handler             0x20070207   0x2  Code  Wk  exceptions.o [1]
BusFault_Handler        0x20070207   0x2  Code  Wk  exceptions.o [1]
CAN0_Handler            0x20070207   0x2  Code  Wk  exceptions.o [1]
CAN1_Handler            0x20070207   0x2  Code  Wk  exceptions.o [1]
CSTACK$$Base            0x200702a0         --   Gb  - Linker created -
CSTACK$$Limit           0x20070aa0         --   Gb  - Linker created -
DACC_Handler            0x20070207   0x2  Code  Wk  exceptions.o [1]
DMAC_Handler            0x20070207   0x2  Code  Wk  exceptions.o [1]
DebugMon_Handler        0x20070207   0x2  Code  Wk  exceptions.o [1]
Dummy_Handler           0x20070207   0x2  Code  Gb  exceptions.o [1]
EFC0_Handler            0x20070207   0x2  Code  Wk  exceptions.o [1]
EFC1_Handler            0x20070207   0x2  Code  Wk  exceptions.o [1]
HSMCI_Handler           0x20070207   0x2  Code  Wk  exceptions.o [1]
HardFault_Handler       0x20070207   0x2  Code  Wk  exceptions.o [1]
MemManage_Handler       0x20070207   0x2  Code  Wk  exceptions.o [1]
NMI_Handler             0x20070207   0x2  Code  Wk  exceptions.o [1]
PIOA_Handler            0x20070207   0x2  Code  Wk  exceptions.o [1]
PIOB_Handler            0x20070207   0x2  Code  Wk  exceptions.o [1]
PIOC_Handler            0x20070207   0x2  Code  Wk  exceptions.o [1]
PIOD_Handler            0x20070207   0x2  Code  Wk  exceptions.o [1]
PMC_Handler             0x20070207   0x2  Code  Wk  exceptions.o [1]
PWM_Handler             0x20070207   0x2  Code  Wk  exceptions.o [1]
PendSV_Handler          0x20070207   0x2  Code  Wk  exceptions.o [1]
RSTC_Handler            0x20070207   0x2  Code  Wk  exceptions.o [1]
RTC_Handler             0x20070207   0x2  Code  Wk  exceptions.o [1]
RTT_Handler             0x20070207   0x2  Code  Wk  exceptions.o [1]
Region$$Table$$Base     0x20070288         --   Gb  - Linker created -
Region$$Table$$Limit    0x2007029c         --   Gb  - Linker created -
Reset_Handler           0x200701d9   0x8  Code  Gb  startup_sam3x.o [1]
SPI0_Handler            0x20070207   0x2  Code  Wk  exceptions.o [1]
SSC_Handler             0x20070207   0x2  Code  Wk  exceptions.o [1]
SUPC_Handler            0x20070207   0x2  Code  Wk  exceptions.o [1]
SVC_Handler             0x20070207   0x2  Code  Wk  exceptions.o [1]
SysTick_Handler         0x20070207   0x2  Code  Wk  exceptions.o [1]
SystemCoreClock         0x20070aa0   0x4  Data  Gb  system_sam3x.o [1]
SystemInit              0x200700f5  0x86  Code  Gb  system_sam3x.o [1]
TC0_Handler             0x20070207   0x2  Code  Wk  exceptions.o [1]
TC1_Handler             0x20070207   0x2  Code  Wk  exceptions.o [1]
TC2_Handler             0x20070207   0x2  Code  Wk  exceptions.o [1]
TC3_Handler             0x20070207   0x2  Code  Wk  exceptions.o [1]
TC4_Handler             0x20070207   0x2  Code  Wk  exceptions.o [1]
TC5_Handler             0x20070207   0x2  Code  Wk  exceptions.o [1]
TRNG_Handler            0x20070207   0x2  Code  Wk  exceptions.o [1]
TWI0_Handler            0x20070207   0x2  Code  Wk  exceptions.o [1]
TWI1_Handler            0x20070207   0x2  Code  Wk  exceptions.o [1]
UART_Handler            0x20070207   0x2  Code  Wk  exceptions.o [1]
UOTGHS_Handler          0x20070207   0x2  Code  Wk  exceptions.o [1]
USART0_Handler          0x20070207   0x2  Code  Wk  exceptions.o [1]
USART1_Handler          0x20070207   0x2  Code  Wk  exceptions.o [1]
USART2_Handler          0x20070207   0x2  Code  Wk  exceptions.o [1]
UsageFault_Handler      0x20070207   0x2  Code  Wk  exceptions.o [1]
WDT_Handler             0x20070207   0x2  Code  Wk  exceptions.o [1]
__cmain                 0x200701ed        Code  Gb  cmain.o [4]
__exit                  0x20070249  0x14  Code  Gb  exit.o [5]
__iar_copy_init3        0x2007025d  0x2c  Code  Gb  copy_init3.o [4]
__iar_data_init3        0x20070209  0x28  Code  Gb  data_init.o [4]
__iar_program_start     0x200701e1        Code  Gb  cstartup.o [1]
__low_level_init        0x200701ad  0x24  Code  Gb  startup_sam3x.o [1]
__region_NFC_RAM_end__ {Abs}
                        0x20100fff        Data  Gb  command line/config [2]
__region_NFC_RAM_start__ {Abs}
                        0x20100000        Data  Gb  command line/config [2]
__region_RAM0_end__ {Abs}
                        0x2000ffff        Data  Gb  command line/config [2]
__region_RAM0_size__ {Abs}
                        0x00010000        Data  Gb  command line/config [2]
__region_RAM0_start__ {Abs}
                        0x20000000        Data  Gb  command line/config [2]
__region_RAM1_end__ {Abs}
                        0x20087fff        Data  Gb  command line/config [2]
__region_RAM1_size__ {Abs}
                        0x00008000        Data  Gb  command line/config [2]
__region_RAM1_start__ {Abs}
                        0x20080000        Data  Gb  command line/config [2]
__region_RAM_end__ {Abs}
                        0x20087ffe        Data  Gb  command line/config [2]
__region_RAM_size__ {Abs}
                        0x00018000        Data  Gb  command line/config [2]
__region_RAM_start__ {Abs}
                        0x20070000        Data  Gb  command line/config [2]
__vector_table          0x20070000  0xf4  Data  Gb  startup_sam3x.o [1]
_call_main              0x200701f9        Code  Gb  cmain.o [4]
_exit                   0x2007023d        Code  Gb  cexit.o [4]
_main                   0x20070203        Code  Gb  cmain.o [4]
exit                    0x20070239   0x4  Code  Gb  exit.o [3]
main                    0x20070231   0x8  Code  Gb  main.o [1]


[1] = C:\Users\Laptop\Documents\Datorsystemteknik\lab1\Debug\Obj
[2] = command line
[3] = dl7M_tln.a
[4] = rt7M_tl.a
[5] = shb_l.a

    404 bytes of readonly  code memory
    268 bytes of readonly  data memory
  2 052 bytes of readwrite data memory

Errors: none
Warnings: none
