###############################################################################
#
# IAR ELF Linker V7.80.1.11864/W32 for ARM                01/Jan/2017  13:59:10
# Copyright 2007-2016 IAR Systems AB.
#
#    Output file  =  
#        C:\Users\Laptop\Documents\Datorsystemteknik\projekt\Debug\Exe\projektet.out
#    Map file     =  
#        C:\Users\Laptop\Documents\Datorsystemteknik\projekt\Debug\List\projektet.map
#    Command line =  
#        C:\Users\Laptop\Documents\Datorsystemteknik\projekt\Debug\Obj\cstartup.o
#        C:\Users\Laptop\Documents\Datorsystemteknik\projekt\Debug\Obj\delay.o
#        C:\Users\Laptop\Documents\Datorsystemteknik\projekt\Debug\Obj\exceptions.o
#        C:\Users\Laptop\Documents\Datorsystemteknik\projekt\Debug\Obj\keypad.o
#        C:\Users\Laptop\Documents\Datorsystemteknik\projekt\Debug\Obj\main.o
#        C:\Users\Laptop\Documents\Datorsystemteknik\projekt\Debug\Obj\photor.o
#        C:\Users\Laptop\Documents\Datorsystemteknik\projekt\Debug\Obj\screenInit.o
#        C:\Users\Laptop\Documents\Datorsystemteknik\projekt\Debug\Obj\servo.o
#        C:\Users\Laptop\Documents\Datorsystemteknik\projekt\Debug\Obj\startup_sam3x.o
#        C:\Users\Laptop\Documents\Datorsystemteknik\projekt\Debug\Obj\system_sam3x.o
#        C:\Users\Laptop\Documents\Datorsystemteknik\projekt\Debug\Obj\tempsensor.o
#        -o
#        C:\Users\Laptop\Documents\Datorsystemteknik\projekt\Debug\Exe\projektet.out
#        --redirect _Printf=_PrintfFull --redirect _Scanf=_ScanfFull --map
#        C:\Users\Laptop\Documents\Datorsystemteknik\projekt\Debug\List\projektet.map
#        --config "C:\Program Files (x86)\IAR Systems\Embedded Workbench
#        7.5\arm\config\linker\Atmel\sam3x8e\sram.icf" --semihosting --entry
#        __iar_program_start --vfe
#
###############################################################################

*******************************************************************************
*** RUNTIME MODEL ATTRIBUTES
***

CppFlavor       = *
__SystemLibrary = DLib


*******************************************************************************
*** PLACEMENT SUMMARY
***

"A0":  place at 0x20070000 { ro section .intvec };
"P1":  place in [from 0x20070000 to 0x20087fff] { ro };
"P2":  place in [from 0x20070000 to 0x20087fff] { rw, block CSTACK, block HEAP };
initialize by copy with packing = copy, complex ranges { rw };

  Section            Kind        Address    Size  Object
  -------            ----        -------    ----  ------
"A0":                                       0xf4
  .intvec                     0x20070000    0xf4  <Block>
    .intvec          const    0x20070000    0xf4  startup_sam3x.o [1]
                            - 0x200700f4    0xf4

"P1-P2", part 1 of 4:                     0x31d0
  .text              ro code  0x200700f4   0xdd2  xprintffull.o [3]
  .text              ro code  0x20070ec6     0x2  exceptions.o [1]
  .text              ro code  0x20070ec8    0x16  strchr.o [5]
  .text              ro code  0x20070ee0    0x36  strlen.o [5]
  .text              ro code  0x20070f18    0x58  memchr.o [5]
  .text              ro code  0x20070f70    0xee  I64DivMod.o [5]
  .text              ro code  0x20071060    0x76  ABImemcpy_unaligned.o [5]
  .text              ro code  0x200710d6    0x44  xdnorm.o [4]
  .text              ro code  0x2007111c    0x2e  DblCmpLe.o [4]
  .text              ro code  0x2007114c    0x2e  DblCmpGe.o [4]
  .text              ro code  0x2007117c   0x10c  xdscale.o [4]
  .text              ro code  0x20071288    0x58  DblToI32.o [4]
  .text              ro code  0x200712e0    0x30  I32ToDbl.o [4]
  .text              ro code  0x20071310   0x180  DblSub.o [4]
  .text              ro code  0x20071490   0x1a2  DblMul.o [4]
  .text              ro code  0x20071634   0x256  DblDiv.o [4]
  .text              ro code  0x2007188a     0xe  div.o [3]
  .text              ro code  0x20071898     0x2  I64DivZer.o [5]
  .text              ro code  0x2007189c    0xe8  DblAdd.o [4]
  .text              ro code  0x20071984   0xb02  screenInit.o [1]
  .text              ro code  0x20072488    0x60  delay.o [1]
  .text              ro code  0x200724e8    0x24  printf.o [3]
  .text              ro code  0x2007250c   0x33c  main.o [1]
  .text              ro code  0x20072848    0xb8  system_sam3x.o [1]
  .text              ro code  0x20072900   0x140  tempsensor.o [1]
  .text              ro code  0x20072a40    0x58  photor.o [1]
  .text              ro code  0x20072a98   0x114  servo.o [1]
  .text              ro code  0x20072bac    0xec  keypad.o [1]
  .text              ro code  0x20072c98    0x2e  I32ToFlt.o [4]
  .text              ro code  0x20072cc8    0xfc  FltDiv.o [4]
  .text              ro code  0x20072dc4    0x84  FltAdd.o [4]
  .text              ro code  0x20072e48    0xd8  FltMul.o [4]
  .text              ro code  0x20072f20    0x44  FltToS32.o [4]
  .text              ro code  0x20072f64    0xd6  FltSub.o [4]
  .text              ro code  0x2007303c    0x6c  iarttio.o [6]
  .text              ro code  0x200730a8     0x8  XShttio.o [3]
  .text              ro code  0x200730b0    0x40  zero_init3.o [5]
  .text              ro code  0x200730f0    0x34  startup_sam3x.o [1]
  .text              ro code  0x20073124     0xc  cstartup.o [1]
  .text              ro code  0x20073130    0x1a  cmain.o [5]
  .text              ro code  0x2007314c    0x28  data_init.o [5]
  .text              ro code  0x20073174     0x4  exit.o [3]
  .text              ro code  0x20073178     0xa  cexit.o [5]
  .text              ro code  0x20073184    0x14  exit.o [6]
  .text              ro code  0x20073198    0x2c  copy_init3.o [5]
  .text              ro code  0x200731c4    0x28  putchar.o [3]
  .text              ro code  0x200731ec    0x10  write.o [6]
  .text              ro code  0x200731fc    0x1e  dwrite.o [6]
  .text              ro code  0x2007321a    0x20  iarwstd.o [6]
  .text              ro code  0x2007323a    0x22  iarwrite.o [6]
  .iar.init_table    const    0x2007325c    0x24  - Linker created -
  .text              ro code  0x20073280    0x16  xprout.o [3]
  .rodata            const    0x20073298    0x14  screenInit.o [1]
  .rodata            const    0x200732ac    0x10  screenInit.o [1]
  .rodata            const    0x200732bc     0x8  main.o [1]
  .rodata            const    0x200732c4     0x0  zero_init3.o [5]
  .rodata            const    0x200732c4     0x0  copy_init3.o [5]
                            - 0x200732c4  0x31d0

"P1-P2", part 2 of 4:                     0x1000
  CSTACK                      0x200732c8  0x1000  <Block>
    CSTACK           uninit   0x200732c8  0x1000  <Block tail>
                            - 0x200742c8  0x1000

"P1-P2", part 3 of 4:                       0x28
  P1-P2 s0                    0x200742c8    0x14  <Init block>
    .data            inited   0x200742c8     0x8  XShttio.o [3]
    .data            inited   0x200742d0     0x4  main.o [1]
    .data            inited   0x200742d4     0x4  main.o [1]
    .data            inited   0x200742d8     0x4  system_sam3x.o [1]
  Initializer bytes  const    0x200742dc    0x14  <for P1-P2 s0>
                            - 0x200742f0    0x28

"P1-P2", part 4 of 4:                     0x1704
  .bss               zero     0x200742f0  0x1680  main.o [1]
  .bss               zero     0x20075970    0x70  main.o [1]
  .bss               zero     0x200759e0     0x4  delay.o [1]
  .bss               zero     0x200759e4     0x4  main.o [1]
  .bss               zero     0x200759e8     0x4  photor.o [1]
  .bss               zero     0x200759ec     0x4  screenInit.o [1]
  .bss               zero     0x200759f0     0x4  tempsensor.o [1]
                            - 0x200759f4  0x1704


*******************************************************************************
*** INIT TABLE
***

          Address     Size
          -------     ----
Zero (__iar_zero_init3)
    1 destination range, total size 0x1704:
          0x200742f0  0x1704

Copy (__iar_copy_init3)
    1 source range, total size 0x14:
          0x200742dc    0x14
    1 destination range, total size 0x14:
          0x200742c8    0x14



*******************************************************************************
*** MODULE SUMMARY
***

    Module                 ro code  ro data  rw data
    ------                 -------  -------  -------
C:\Users\Laptop\Documents\Datorsystemteknik\projekt\Debug\Obj: [1]
    cstartup.o                  12
    delay.o                     96                 4
    exceptions.o                 2
    keypad.o                   236
    main.o                     828       16    5 884
    photor.o                    88                 4
    screenInit.o             2 818       36        4
    servo.o                    276
    startup_sam3x.o             52      244
    system_sam3x.o             184        4        4
    tempsensor.o               320                 4
    ------------------------------------------------
    Total:                   4 912      300    5 904

command line: [2]
    ------------------------------------------------
    Total:

dl7M_tln.a: [3]
    XShttio.o                    8        8        8
    div.o                       14
    exit.o                       4
    printf.o                    36
    putchar.o                   40
    xprintffull.o            3 538
    xprout.o                    22
    ------------------------------------------------
    Total:                   3 662        8        8

m7M_tl.a: [4]
    DblAdd.o                   232
    DblCmpGe.o                  46
    DblCmpLe.o                  46
    DblDiv.o                   598
    DblMul.o                   418
    DblSub.o                   384
    DblToI32.o                  88
    FltAdd.o                   132
    FltDiv.o                   252
    FltMul.o                   216
    FltSub.o                   214
    FltToS32.o                  68
    I32ToDbl.o                  48
    I32ToFlt.o                  46
    xdnorm.o                    68
    xdscale.o                  268
    ------------------------------------------------
    Total:                   3 124

rt7M_tl.a: [5]
    ABImemcpy_unaligned.o      118
    I64DivMod.o                238
    I64DivZer.o                  2
    cexit.o                     10
    cmain.o                     26
    copy_init3.o                44
    data_init.o                 40
    memchr.o                    88
    strchr.o                    22
    strlen.o                    54
    zero_init3.o                64
    ------------------------------------------------
    Total:                     706

shb_l.a: [6]
    dwrite.o                    30
    exit.o                      20
    iarttio.o                  108
    iarwrite.o                  34
    iarwstd.o                   32
    write.o                     16
    ------------------------------------------------
    Total:                     240

    Gaps                        26        2
    Linker created                       36    4 096
----------------------------------------------------
    Grand Total:            12 670      346   10 008


*******************************************************************************
*** ENTRY LIST
***

Entry                      Address    Size  Type      Object
-----                      -------    ----  ----      ------
.iar.init_table$$Base   0x2007325c           --   Gb  - Linker created -
.iar.init_table$$Limit  0x20073280           --   Gb  - Linker created -
.intvec$$Base           0x20070000           --   Gb  - Linker created -
.intvec$$Limit          0x200700f4           --   Gb  - Linker created -
?main                   0x20073131          Code  Gb  cmain.o [5]
ADC_Handler             0x20070ec7     0x2  Code  Wk  exceptions.o [1]
BusFault_Handler        0x20070ec7     0x2  Code  Wk  exceptions.o [1]
CAN0_Handler            0x20070ec7     0x2  Code  Wk  exceptions.o [1]
CAN1_Handler            0x20070ec7     0x2  Code  Wk  exceptions.o [1]
CSTACK$$Base            0x200732c8           --   Gb  - Linker created -
CSTACK$$Limit           0x200742c8           --   Gb  - Linker created -
Clearscreen             0x200722ab    0x46  Code  Gb  screenInit.o [1]
DACC_Handler            0x20070ec7     0x2  Code  Wk  exceptions.o [1]
DMAC_Handler            0x20070ec7     0x2  Code  Wk  exceptions.o [1]
DebugMon_Handler        0x20070ec7     0x2  Code  Wk  exceptions.o [1]
Delay                   0x20072479     0xe  Code  Gb  screenInit.o [1]
Dummy_Handler           0x20070ec7     0x2  Code  Gb  exceptions.o [1]
EFC0_Handler            0x20070ec7     0x2  Code  Wk  exceptions.o [1]
EFC1_Handler            0x20070ec7     0x2  Code  Wk  exceptions.o [1]
HSMCI_Handler           0x20070ec7     0x2  Code  Wk  exceptions.o [1]
HardFault_Handler       0x20070ec7     0x2  Code  Wk  exceptions.o [1]
LoadInt                 0x2007069b    0x6e  Code  Lc  xprintffull.o [3]
MemManage_Handler       0x20070ec7     0x2  Code  Wk  exceptions.o [1]
NMI_Handler             0x20070ec7     0x2  Code  Wk  exceptions.o [1]
NVIC_ClearPendingIRQ    0x20072915    0x14  Code  Lc  tempsensor.o [1]
NVIC_EnableIRQ          0x20072901    0x14  Code  Lc  tempsensor.o [1]
NVIC_SetPriority        0x20072929    0x22  Code  Lc  tempsensor.o [1]
PIOA_Handler            0x20070ec7     0x2  Code  Wk  exceptions.o [1]
PIOB_Handler            0x20070ec7     0x2  Code  Wk  exceptions.o [1]
PIOC_Handler            0x20070ec7     0x2  Code  Wk  exceptions.o [1]
PIOD_Handler            0x20070ec7     0x2  Code  Wk  exceptions.o [1]
PMC_Handler             0x20070ec7     0x2  Code  Wk  exceptions.o [1]
PWM_Handler             0x20070ec7     0x2  Code  Wk  exceptions.o [1]
PendSV_Handler          0x20070ec7     0x2  Code  Wk  exceptions.o [1]
RSTC_Handler            0x20070ec7     0x2  Code  Wk  exceptions.o [1]
RTC_Handler             0x20070ec7     0x2  Code  Wk  exceptions.o [1]
RTT_Handler             0x20070ec7     0x2  Code  Wk  exceptions.o [1]
Read_Status_Display     0x200722f1    0x6c  Code  Gb  screenInit.o [1]
Region$$Table$$Base     0x2007325c           --   Gb  - Linker created -
Region$$Table$$Limit    0x20073280           --   Gb  - Linker created -
Reset_Handler           0x2007311d     0x8  Code  Gb  startup_sam3x.o [1]
SPI0_Handler            0x20070ec7     0x2  Code  Wk  exceptions.o [1]
SSC_Handler             0x20070ec7     0x2  Code  Wk  exceptions.o [1]
SUPC_Handler            0x20070ec7     0x2  Code  Wk  exceptions.o [1]
SVC_Handler             0x20070ec7     0x2  Code  Wk  exceptions.o [1]
SysTick_Handler         0x200724cd     0xc  Code  Gb  delay.o [1]
SystemCoreClock         0x200742d8     0x4  Data  Gb  system_sam3x.o [1]
SystemInit              0x20072849    0x86  Code  Gb  system_sam3x.o [1]
TC0_Handler             0x200729b7    0x3a  Code  Gb  tempsensor.o [1]
TC1_Handler             0x20070ec7     0x2  Code  Wk  exceptions.o [1]
TC2_Handler             0x20070ec7     0x2  Code  Wk  exceptions.o [1]
TC3_Handler             0x20070ec7     0x2  Code  Wk  exceptions.o [1]
TC4_Handler             0x20070ec7     0x2  Code  Wk  exceptions.o [1]
TC5_Handler             0x20070ec7     0x2  Code  Wk  exceptions.o [1]
TRNG_Handler            0x20070ec7     0x2  Code  Wk  exceptions.o [1]
TWI0_Handler            0x20070ec7     0x2  Code  Wk  exceptions.o [1]
TWI1_Handler            0x20070ec7     0x2  Code  Wk  exceptions.o [1]
UART_Handler            0x20070ec7     0x2  Code  Wk  exceptions.o [1]
UOTGHS_Handler          0x20070ec7     0x2  Code  Wk  exceptions.o [1]
USART0_Handler          0x20070ec7     0x2  Code  Wk  exceptions.o [1]
USART1_Handler          0x20070ec7     0x2  Code  Wk  exceptions.o [1]
USART2_Handler          0x20070ec7     0x2  Code  Wk  exceptions.o [1]
UsageFault_Handler      0x20070ec7     0x2  Code  Wk  exceptions.o [1]
WDT_Handler             0x20070ec7     0x2  Code  Wk  exceptions.o [1]
Write_Command_2_Display
                        0x200723d5    0x78  Code  Gb  screenInit.o [1]
Write_Data_2_Display    0x2007235d    0x78  Code  Gb  screenInit.o [1]
_GenldFull              0x20070c15   0x26a  Code  Lc  xprintffull.o [3]
_LdtobFull              0x20070815   0x3fa  Code  Lc  xprintffull.o [3]
_LitobFull              0x20070709   0x10a  Code  Lc  xprintffull.o [3]
_PrintfFull             0x200700f5   0x5a0  Code  Gb  xprintffull.o [3]
_Prout                  0x20073281    0x16  Code  Gb  xprout.o [3]
_PutcharsFull           0x20070e7f    0x2e  Code  Lc  xprintffull.o [3]
__aeabi_cdcmple         0x2007111d          Code  Gb  DblCmpLe.o [4]
__aeabi_cdrcmple        0x2007114d          Code  Gb  DblCmpGe.o [4]
__aeabi_d2iz            0x20071289          Code  Gb  DblToI32.o [4]
__aeabi_d2uiz           0x200712b5          Code  Gb  DblToI32.o [4]
__aeabi_dadd            0x2007189d          Code  Gb  DblAdd.o [4]
__aeabi_ddiv            0x20071635          Code  Gb  DblDiv.o [4]
__aeabi_dmul            0x20071491          Code  Gb  DblMul.o [4]
__aeabi_dsub            0x20071311          Code  Gb  DblSub.o [4]
__aeabi_f2iz            0x20072f21          Code  Gb  FltToS32.o [4]
__aeabi_fadd            0x20072dc5          Code  Gb  FltAdd.o [4]
__aeabi_fdiv            0x20072cc9          Code  Gb  FltDiv.o [4]
__aeabi_fmul            0x20072e49          Code  Gb  FltMul.o [4]
__aeabi_i2d             0x200712e1          Code  Gb  I32ToDbl.o [4]
__aeabi_i2f             0x20072c99          Code  Gb  I32ToFlt.o [4]
__aeabi_ldiv0           0x20071899          Code  Gb  I64DivZer.o [5]
__aeabi_ui2d            0x200712f5          Code  Gb  I32ToDbl.o [4]
__aeabi_uldivmod        0x20070f71          Code  Gb  I64DivMod.o [5]
__cmain                 0x20073131          Code  Gb  cmain.o [5]
__dwrite                0x200731fd    0x1e  Code  Gb  dwrite.o [6]
__exit                  0x20073185    0x14  Code  Gb  exit.o [6]
__iar_Dnorm             0x200710d7    0x44  Code  Gb  xdnorm.o [4]
__iar_Dscale            0x2007117d   0x10c  Code  Gb  xdscale.o [4]
__iar_Memchr            0x20070f19          Code  Gb  memchr.o [5]
__iar_Strchr            0x20070ec9          Code  Gb  strchr.o [5]
__iar_close_ttio        0x2007303d    0x2e  Code  Gb  iarttio.o [6]
__iar_copy_init3        0x20073199    0x2c  Code  Gb  copy_init3.o [5]
__iar_d2uiz             0x200712c1          Code  Gb  DblToI32.o [4]
__iar_dadd              0x200718b1          Code  Gb  DblAdd.o [4]
__iar_data_init3        0x2007314d    0x28  Code  Gb  data_init.o [5]
__iar_dsub              0x20071325          Code  Gb  DblSub.o [4]
__iar_dsubStart         0x20071337          Code  Gb  DblSub.o [4]
__iar_fadd              0x20072dd5          Code  Gb  FltAdd.o [4]
__iar_fsub              0x20072f65          Code  Gb  FltSub.o [4]
__iar_fsubStart         0x20072f75          Code  Gb  FltSub.o [4]
__iar_get_ttio          0x2007306d    0x38  Code  Gb  iarttio.o [6]
__iar_lookup_ttioh      0x200730a9     0x8  Code  Gb  XShttio.o [3]
__iar_program_start     0x20073125          Code  Gb  cstartup.o [1]
__iar_sh_stdout         0x2007321b    0x20  Code  Gb  iarwstd.o [6]
__iar_sh_write          0x2007323b    0x22  Code  Gb  iarwrite.o [6]
__iar_ttio_handles      0x200742c8     0x8  Data  Lc  XShttio.o [3]
__iar_ui2d              0x200712f9          Code  Gb  I32ToDbl.o [4]
__iar_ui2f              0x20072cad          Code  Gb  I32ToFlt.o [4]
__iar_unaligned___aeabi_memcpy
                        0x20071061          Code  Gb  ABImemcpy_unaligned.o [5]
__iar_unaligned___aeabi_memcpy4
                        0x20071081          Code  Gb  ABImemcpy_unaligned.o [5]
__iar_unaligned___aeabi_memcpy8
                        0x20071081          Code  Gb  ABImemcpy_unaligned.o [5]
__iar_zero_init3        0x200730b1    0x40  Code  Gb  zero_init3.o [5]
__low_level_init        0x200730f1    0x24  Code  Gb  startup_sam3x.o [1]
__vector_table          0x20070000    0xf4  Data  Gb  startup_sam3x.o [1]
__write                 0x200731ed    0x10  Code  Gb  write.o [6]
_call_main              0x2007313d          Code  Gb  cmain.o [5]
_exit                   0x20073179          Code  Gb  cexit.o [5]
_main                   0x20073147          Code  Gb  cmain.o [5]
average                 0x20072799    0x86  Code  Gb  main.o [1]
delay_ms                0x200724ab    0x22  Code  Gb  delay.o [1]
delay_ns                0x20072489    0x22  Code  Gb  delay.o [1]
div                     0x2007188b     0xe  Code  Gb  div.o [3]
exit                    0x20073175     0x4  Code  Gb  exit.o [3]
func                    0x20072bad    0xec  Code  Gb  keypad.o [1]
init                    0x20071985    0xde  Code  Gb  screenInit.o [1]
init_photor             0x20072a41    0x16  Code  Gb  photor.o [1]
init_servo              0x20072a99    0x64  Code  Gb  servo.o [1]
init_temp               0x20072979    0x3e  Code  Gb  tempsensor.o [1]
inputLowerAndUpperTemp  0x20072661   0x138  Code  Gb  main.o [1]
lowerTemp               0x200759e4     0x4  Data  Gb  main.o [1]
main                    0x2007250d   0x126  Code  Gb  main.o [1]
memchr                  0x20070f19          Code  Gb  memchr.o [5]
newRow                  0x20072019    0x1c  Code  Gb  screenInit.o [1]
photoValue              0x200759e8     0x4  Data  Gb  photor.o [1]
printColumns            0x20072035    0xc6  Code  Gb  screenInit.o [1]
printCurrentDay         0x200721c7    0x5e  Code  Gb  screenInit.o [1]
printDays               0x200720fb    0xb6  Code  Gb  screenInit.o [1]
printLowAndUpTemp       0x20071de7   0x104  Code  Gb  screenInit.o [1]
printLower              0x20071ddd     0xa  Code  Gb  screenInit.o [1]
printMenu               0x20071eeb   0x11e  Code  Gb  screenInit.o [1]
printTemperature        0x20072225    0x86  Code  Gb  screenInit.o [1]
printTemperature::val   0x200759ec     0x4  Data  Lc  screenInit.o [1]
printUpAndLow           0x20071ac7   0x114  Code  Gb  screenInit.o [1]
printWarning            0x20071bdb   0x202  Code  Gb  screenInit.o [1]
printf                  0x200724e9    0x24  Code  Gb  printf.o [3]
putchar                 0x200731c5    0x28  Code  Gb  putchar.o [3]
setupDisplay            0x20072009    0x10  Code  Gb  screenInit.o [1]
startSearching          0x20072afd    0x80  Code  Gb  servo.o [1]
start_measuring_light   0x20072a57    0x24  Code  Gb  photor.o [1]
start_measuring_temp    0x2007294b    0x2e  Code  Gb  tempsensor.o [1]
strchr                  0x20070ec9          Code  Gb  strchr.o [5]
strlen                  0x20070ee1          Code  Gb  strlen.o [5]
syncPointer             0x200721b1    0x16  Code  Gb  screenInit.o [1]
systick_counter         0x200759e0     0x4  Data  Gb  delay.o [1]
tempSensor              0x200759f0     0x4  Data  Gb  tempsensor.o [1]
temperatur              0x200742f0  0x1680  Data  Gb  main.o [1]
turboFunc               0x20072633    0x2e  Code  Gb  main.o [1]
turboMode               0x200742d0     0x4  Data  Gb  main.o [1]
turboPrint              0x20071a63    0x64  Code  Gb  screenInit.o [1]
upperTemp               0x200742d4     0x4  Data  Gb  main.o [1]
weekStats               0x20075970    0x70  Data  Gb  main.o [1]


[1] = C:\Users\Laptop\Documents\Datorsystemteknik\projekt\Debug\Obj
[2] = command line
[3] = dl7M_tln.a
[4] = m7M_tl.a
[5] = rt7M_tl.a
[6] = shb_l.a

  12 670 bytes of readonly  code memory
     346 bytes of readonly  data memory
  10 008 bytes of readwrite data memory

Errors: none
Warnings: none
